// Jest Snapshot v1, https://goo.gl/fbAQLP

exports[`CartInfoTextComponent should render initial layout 1`] = `
Array [
  <header
    className="sc-bdnxRM fPdsWd"
  />,
]
`;
