// Jest Snapshot v1, https://goo.gl/fbAQLP

exports[`NavbarTitleComponent should render initial layout 1`] = `
Array [
  <div
    className="sc-bdnxRM eaiRLH"
  />,
]
`;
