// Jest Snapshot v1, https://goo.gl/fbAQLP

exports[`FooterComponent should render initial layout 1`] = `
Array [
  <div
    className="sc-bdnxRM lhfUZN"
  />,
]
`;
