// Jest Snapshot v1, https://goo.gl/fbAQLP

exports[`HomeLayoutRowComponent should render initial layout 1`] = `
Array [
  <Row
    className="sc-bdnxRM kIqlSG"
  />,
]
`;
